// Jest Snapshot v1, https://goo.gl/fbAQLP

exports[`Input bar component with default parameters 1`] = `
<View
  style={
    Array [
      Object {
        "alignItems": "center",
        "backgroundColor": "white",
        "borderColor": "white",
        "borderRadius": 25,
        "borderWidth": 1,
        "elevation": 9,
        "height": 40,
        "justifyContent": "center",
        "margin": 10,
        "shadowColor": "#000",
        "shadowOffset": Object {
          "height": 4,
          "width": 0,
        },
        "shadowOpacity": 0.32,
        "shadowRadius": 5.46,
        "width": 300,
      },
      Object {},
    ]
  }
>
  <TextInput
    allowFontScaling={true}
    onChangeText={[Function]}
    placeholder=""
    rejectResponderTermination={true}
    style={
      Object {
        "height": "100%",
        "width": "90%",
      }
    }
    underlineColorAndroid="transparent"
    value="value"
  />
</View>
`;
