// Jest Snapshot v1, https://goo.gl/fbAQLP

exports[`input bar components has placeholder 1`] = `
<View
  style={
    Object {
      "alignItems": "center",
      "backgroundColor": "white",
      "borderColor": "white",
      "borderRadius": 25,
      "borderWidth": 1,
      "elevation": 9,
      "height": 40,
      "justifyContent": "center",
      "shadowColor": "#000",
      "shadowOffset": Object {
        "height": 4,
        "width": 0,
      },
      "shadowOpacity": 0.32,
      "shadowRadius": 5.46,
      "width": 300,
    }
  }
>
  <TextInput
    allowFontScaling={true}
    placeholder="title"
    rejectResponderTermination={true}
    style={
      Object {
        "height": "100%",
        "width": "90%",
      }
    }
    underlineColorAndroid="transparent"
  />
</View>
`;
