// Jest Snapshot v1, https://goo.gl/fbAQLP

exports[`List button component with default parameters 1`] = `
<View
  accessible={true}
  focusable={true}
  isTVSelectable={true}
  onClick={[Function]}
  onResponderGrant={[Function]}
  onResponderMove={[Function]}
  onResponderRelease={[Function]}
  onResponderTerminate={[Function]}
  onResponderTerminationRequest={[Function]}
  onStartShouldSetResponder={[Function]}
  style={
    Object {
      "opacity": 1,
    }
  }
>
  <View
    accessibilityIgnoresInvertColors={true}
    style={
      Object {
        "height": 30,
        "overflow": "visible",
        "shadowColor": "black",
        "shadowOffset": Object {
          "height": 10,
        },
        "shadowOpacity": 1,
        "width": 30,
        "zIndex": 3,
      }
    }
  >
    <Image
      source={1}
      style={
        Array [
          Object {
            "bottom": 0,
            "left": 0,
            "position": "absolute",
            "right": 0,
            "top": 0,
          },
          Object {
            "height": 30,
            "width": 30,
          },
          undefined,
        ]
      }
    />
  </View>
</View>
`;
